// Jest Snapshot v1, https://goo.gl/fbAQLP

exports[`Game Directory Service When a request to edit a game is made Then it should return the right data 1`] = `
Object {
  "console": "PC",
  "genre": "FPS",
  "id": 1,
  "img": "https://www.enter.co/wp-content/uploads/2019/06/Halo-1024x768.jpg",
  "name": "Halo",
}
`;
